17:24:06 **** Build of configuration Debug for project fsbl_bsp_xgpio_example_1 ****
make pre-build main-build 
a9-linaro-pre-build-step
 
Building file: ../src/xgpio_example.c
Invoking: ARM v7 gcc compiler
arm-none-eabi-gcc -Wall -O0 -g3 -c -fmessage-length=0 -MT"src/xgpio_example.o" -mcpu=cortex-a9 -mfpu=vfpv3 -mfloat-abi=hard -I../../fsbl_bsp/ps7_cortexa9_0/include -MMD -MP -MF"src/xgpio_example.d" -MT"src/xgpio_example.o" -o "src/xgpio_example.o" "../src/xgpio_example.c"
../src/xgpio_example.c: In function 'main':
../src/xgpio_example.c:162:2: warning: implicit declaration of function 'printf' [-Wimplicit-function-declaration]
  printf("hello ....\n");
  ^~~~~~
../src/xgpio_example.c:162:2: warning: incompatible implicit declaration of built-in function 'printf'
../src/xgpio_example.c:162:2: note: include '<stdio.h>' or provide a declaration of 'printf'
Finished building: ../src/xgpio_example.c
 
Building target: fsbl_bsp_xgpio_example_1.elf
Invoking: ARM v7 gcc linker
arm-none-eabi-gcc -mcpu=cortex-a9 -mfpu=vfpv3 -mfloat-abi=hard -Wl,-build-id=none -specs=Xilinx.spec -Wl,-T -Wl,../src/lscript.ld -L../../fsbl_bsp/ps7_cortexa9_0/lib -o "fsbl_bsp_xgpio_example_1.elf"  ./src/xgpio_example.o   -Wl,--start-group,-lxil,-lgcc,-lc,--end-group -Wl,--start-group,-lxilffs,-lxil,-lgcc,-lc,--end-group -Wl,--start-group,-lrsa,-lxil,-lgcc,-lc,--end-group
Finished building target: fsbl_bsp_xgpio_example_1.elf
 
Invoking: ARM v7 Print Size
arm-none-eabi-size fsbl_bsp_xgpio_example_1.elf  |tee "fsbl_bsp_xgpio_example_1.elf.size"
   text	   data	    bss	    dec	    hex	filename
  36312	   2228	  22664	  61204	   ef14	fsbl_bsp_xgpio_example_1.elf
Finished building: fsbl_bsp_xgpio_example_1.elf.size
 

17:24:06 Build Finished (took 570ms)

