#-----------------------------------------------------------
# Vivado v2017.4 (64-bit)
# SW Build 2086221 on Fri Dec 15 20:54:30 MST 2017
# IP Build 2085800 on Fri Dec 15 22:25:07 MST 2017
# Start of session at: Tue Feb 23 17:23:26 2021
# Process ID: 294268
# Current directory: /home/xyh/NFS_Alinx/VivadoProjects/CCD231
# Command line: vivado CCD231.xpr
# Log file: /home/xyh/NFS_Alinx/VivadoProjects/CCD231/vivado.log
# Journal file: /home/xyh/NFS_Alinx/VivadoProjects/CCD231/vivado.jou
#-----------------------------------------------------------
start_gui
open_project CCD231.xpr
update_compile_order -fileset sources_1
update_compile_order -fileset sources_1
open_bd_design {/home/xyh/NFS_Alinx/VivadoProjects/CCD231/CCD231.srcs/sources_1/bd/CCD231/CCD231.bd}
open_project /home/xyh/NFS_Alinx/VivadoProjects/adc_test_4ch/adc_test_4ch.xpr
update_compile_order -fileset sources_1
current_project CCD231
set_property name FCLK_CLK0 [get_bd_ports FCLK_CLK0_0]
save_bd_design
generate_target all [get_files  /home/xyh/NFS_Alinx/VivadoProjects/CCD231/CCD231.srcs/sources_1/bd/CCD231/CCD231.bd]
catch { config_ip_cache -export [get_ips -all CCD231_auto_pc_0] }
export_ip_user_files -of_objects [get_files /home/xyh/NFS_Alinx/VivadoProjects/CCD231/CCD231.srcs/sources_1/bd/CCD231/CCD231.bd] -no_script -sync -force -quiet
create_ip_run [get_files -of_objects [get_fileset sources_1] /home/xyh/NFS_Alinx/VivadoProjects/CCD231/CCD231.srcs/sources_1/bd/CCD231/CCD231.bd]
export_simulation -of_objects [get_files /home/xyh/NFS_Alinx/VivadoProjects/CCD231/CCD231.srcs/sources_1/bd/CCD231/CCD231.bd] -directory /home/xyh/NFS_Alinx/VivadoProjects/CCD231/CCD231.ip_user_files/sim_scripts -ip_user_files_dir /home/xyh/NFS_Alinx/VivadoProjects/CCD231/CCD231.ip_user_files -ipstatic_source_dir /home/xyh/NFS_Alinx/VivadoProjects/CCD231/CCD231.ip_user_files/ipstatic -lib_map_path [list {modelsim=/home/xyh/NFS_Alinx/VivadoProjects/CCD231/CCD231.cache/compile_simlib/modelsim} {questa=/home/xyh/NFS_Alinx/VivadoProjects/CCD231/CCD231.cache/compile_simlib/questa} {ies=/home/xyh/NFS_Alinx/VivadoProjects/CCD231/CCD231.cache/compile_simlib/ies} {vcs=/home/xyh/NFS_Alinx/VivadoProjects/CCD231/CCD231.cache/compile_simlib/vcs} {riviera=/home/xyh/NFS_Alinx/VivadoProjects/CCD231/CCD231.cache/compile_simlib/riviera}] -use_ip_compiled_libs -force -quiet
current_project adc_test_4ch
current_project CCD231
current_project adc_test_4ch
close_project
set_property -dict [list CONFIG.PRIM_IN_FREQ {50} CONFIG.CLKOUT3_USED {true} CONFIG.PRIMARY_PORT {clk_in} CONFIG.CLK_OUT1_PORT {clk_10M} CONFIG.CLK_OUT2_PORT {clk_50M} CONFIG.CLK_OUT3_PORT {clk_125M} CONFIG.CLKOUT1_REQUESTED_OUT_FREQ {10} CONFIG.CLKOUT2_REQUESTED_OUT_FREQ {50} CONFIG.CLKOUT3_REQUESTED_OUT_FREQ {125} CONFIG.CLKIN1_JITTER_PS {200.0} CONFIG.MMCM_DIVCLK_DIVIDE {1} CONFIG.MMCM_CLKFBOUT_MULT_F {20.000} CONFIG.MMCM_CLKIN1_PERIOD {20.000} CONFIG.MMCM_CLKIN2_PERIOD {10.0} CONFIG.MMCM_CLKOUT0_DIVIDE_F {100.000} CONFIG.MMCM_CLKOUT1_DIVIDE {20} CONFIG.MMCM_CLKOUT2_DIVIDE {8} CONFIG.NUM_OUT_CLKS {3} CONFIG.CLKOUT1_JITTER {285.743} CONFIG.CLKOUT1_PHASE_ERROR {164.985} CONFIG.CLKOUT2_JITTER {192.113} CONFIG.CLKOUT2_PHASE_ERROR {164.985} CONFIG.CLKOUT3_JITTER {154.207} CONFIG.CLKOUT3_PHASE_ERROR {164.985}] [get_ips my_clk_generator]
generate_target all [get_files  /home/xyh/NFS_Alinx/VivadoProjects/CCD231/CCD231.srcs/sources_1/ip/my_clk_generator/my_clk_generator.xci]
catch { config_ip_cache -export [get_ips -all my_clk_generator] }
export_ip_user_files -of_objects [get_files /home/xyh/NFS_Alinx/VivadoProjects/CCD231/CCD231.srcs/sources_1/ip/my_clk_generator/my_clk_generator.xci] -no_script -sync -force -quiet
reset_run my_clk_generator_synth_1
launch_runs -jobs 4 my_clk_generator_synth_1
export_simulation -of_objects [get_files /home/xyh/NFS_Alinx/VivadoProjects/CCD231/CCD231.srcs/sources_1/ip/my_clk_generator/my_clk_generator.xci] -directory /home/xyh/NFS_Alinx/VivadoProjects/CCD231/CCD231.ip_user_files/sim_scripts -ip_user_files_dir /home/xyh/NFS_Alinx/VivadoProjects/CCD231/CCD231.ip_user_files -ipstatic_source_dir /home/xyh/NFS_Alinx/VivadoProjects/CCD231/CCD231.ip_user_files/ipstatic -lib_map_path [list {modelsim=/home/xyh/NFS_Alinx/VivadoProjects/CCD231/CCD231.cache/compile_simlib/modelsim} {questa=/home/xyh/NFS_Alinx/VivadoProjects/CCD231/CCD231.cache/compile_simlib/questa} {ies=/home/xyh/NFS_Alinx/VivadoProjects/CCD231/CCD231.cache/compile_simlib/ies} {vcs=/home/xyh/NFS_Alinx/VivadoProjects/CCD231/CCD231.cache/compile_simlib/vcs} {riviera=/home/xyh/NFS_Alinx/VivadoProjects/CCD231/CCD231.cache/compile_simlib/riviera}] -use_ip_compiled_libs -force -quiet
set_property -dict [list CONFIG.CLK_OUT2_PORT {clk_20M} CONFIG.CLK_OUT3_PORT {clk_150M} CONFIG.CLKOUT2_REQUESTED_OUT_FREQ {20} CONFIG.CLKOUT3_REQUESTED_OUT_FREQ {150} CONFIG.MMCM_DIVCLK_DIVIDE {1} CONFIG.MMCM_CLKFBOUT_MULT_F {18.000} CONFIG.MMCM_CLKOUT0_DIVIDE_F {90.000} CONFIG.MMCM_CLKOUT1_DIVIDE {45} CONFIG.MMCM_CLKOUT2_DIVIDE {6} CONFIG.CLKOUT1_JITTER {296.755} CONFIG.CLKOUT1_PHASE_ERROR {161.614} CONFIG.CLKOUT2_JITTER {258.893} CONFIG.CLKOUT2_PHASE_ERROR {161.614} CONFIG.CLKOUT3_JITTER {159.601} CONFIG.CLKOUT3_PHASE_ERROR {161.614}] [get_ips my_clk_generator]
generate_target all [get_files  /home/xyh/NFS_Alinx/VivadoProjects/CCD231/CCD231.srcs/sources_1/ip/my_clk_generator/my_clk_generator.xci]
catch { config_ip_cache -export [get_ips -all my_clk_generator] }
export_ip_user_files -of_objects [get_files /home/xyh/NFS_Alinx/VivadoProjects/CCD231/CCD231.srcs/sources_1/ip/my_clk_generator/my_clk_generator.xci] -no_script -sync -force -quiet
reset_run my_clk_generator_synth_1
launch_runs -jobs 4 my_clk_generator_synth_1
export_simulation -of_objects [get_files /home/xyh/NFS_Alinx/VivadoProjects/CCD231/CCD231.srcs/sources_1/ip/my_clk_generator/my_clk_generator.xci] -directory /home/xyh/NFS_Alinx/VivadoProjects/CCD231/CCD231.ip_user_files/sim_scripts -ip_user_files_dir /home/xyh/NFS_Alinx/VivadoProjects/CCD231/CCD231.ip_user_files -ipstatic_source_dir /home/xyh/NFS_Alinx/VivadoProjects/CCD231/CCD231.ip_user_files/ipstatic -lib_map_path [list {modelsim=/home/xyh/NFS_Alinx/VivadoProjects/CCD231/CCD231.cache/compile_simlib/modelsim} {questa=/home/xyh/NFS_Alinx/VivadoProjects/CCD231/CCD231.cache/compile_simlib/questa} {ies=/home/xyh/NFS_Alinx/VivadoProjects/CCD231/CCD231.cache/compile_simlib/ies} {vcs=/home/xyh/NFS_Alinx/VivadoProjects/CCD231/CCD231.cache/compile_simlib/vcs} {riviera=/home/xyh/NFS_Alinx/VivadoProjects/CCD231/CCD231.cache/compile_simlib/riviera}] -use_ip_compiled_libs -force -quiet
create_ip -name ila -vendor xilinx.com -library ip -version 6.2 -module_name ILA_LTC2271
set_property -dict [list CONFIG.C_PROBE5_WIDTH {16} CONFIG.C_PROBE4_WIDTH {16} CONFIG.C_PROBE3_WIDTH {16} CONFIG.C_PROBE2_WIDTH {16} CONFIG.C_DATA_DEPTH {16384} CONFIG.C_NUM_OF_PROBES {6} CONFIG.Component_Name {ILA_LTC2271}] [get_ips ILA_LTC2271]
generate_target {instantiation_template} [get_files /home/xyh/NFS_Alinx/VivadoProjects/CCD231/CCD231.srcs/sources_1/ip/ILA_LTC2271/ILA_LTC2271.xci]
generate_target all [get_files  /home/xyh/NFS_Alinx/VivadoProjects/CCD231/CCD231.srcs/sources_1/ip/ILA_LTC2271/ILA_LTC2271.xci]
catch { config_ip_cache -export [get_ips -all ILA_LTC2271] }
export_ip_user_files -of_objects [get_files /home/xyh/NFS_Alinx/VivadoProjects/CCD231/CCD231.srcs/sources_1/ip/ILA_LTC2271/ILA_LTC2271.xci] -no_script -sync -force -quiet
create_ip_run [get_files -of_objects [get_fileset sources_1] /home/xyh/NFS_Alinx/VivadoProjects/CCD231/CCD231.srcs/sources_1/ip/ILA_LTC2271/ILA_LTC2271.xci]
launch_runs -jobs 4 ILA_LTC2271_synth_1
export_simulation -of_objects [get_files /home/xyh/NFS_Alinx/VivadoProjects/CCD231/CCD231.srcs/sources_1/ip/ILA_LTC2271/ILA_LTC2271.xci] -directory /home/xyh/NFS_Alinx/VivadoProjects/CCD231/CCD231.ip_user_files/sim_scripts -ip_user_files_dir /home/xyh/NFS_Alinx/VivadoProjects/CCD231/CCD231.ip_user_files -ipstatic_source_dir /home/xyh/NFS_Alinx/VivadoProjects/CCD231/CCD231.ip_user_files/ipstatic -lib_map_path [list {modelsim=/home/xyh/NFS_Alinx/VivadoProjects/CCD231/CCD231.cache/compile_simlib/modelsim} {questa=/home/xyh/NFS_Alinx/VivadoProjects/CCD231/CCD231.cache/compile_simlib/questa} {ies=/home/xyh/NFS_Alinx/VivadoProjects/CCD231/CCD231.cache/compile_simlib/ies} {vcs=/home/xyh/NFS_Alinx/VivadoProjects/CCD231/CCD231.cache/compile_simlib/vcs} {riviera=/home/xyh/NFS_Alinx/VivadoProjects/CCD231/CCD231.cache/compile_simlib/riviera}] -use_ip_compiled_libs -force -quiet
reset_run synth_1
launch_runs synth_1 -jobs 4
wait_on_run synth_1
open_bd_design {/home/xyh/NFS_Alinx/VivadoProjects/CCD231/CCD231.srcs/sources_1/bd/CCD231/CCD231.bd}
open_bd_design {/home/xyh/NFS_Alinx/VivadoProjects/CCD231/CCD231.srcs/sources_1/bd/CCD231/CCD231.bd}
make_wrapper -files [get_files /home/xyh/NFS_Alinx/VivadoProjects/CCD231/CCD231.srcs/sources_1/bd/CCD231/CCD231.bd] -top
generate_target all [get_files  /home/xyh/NFS_Alinx/VivadoProjects/CCD231/CCD231.srcs/sources_1/bd/CCD231/CCD231.bd]
export_ip_user_files -of_objects [get_files /home/xyh/NFS_Alinx/VivadoProjects/CCD231/CCD231.srcs/sources_1/bd/CCD231/CCD231.bd] -no_script -sync -force -quiet
create_ip_run [get_files -of_objects [get_fileset sources_1] /home/xyh/NFS_Alinx/VivadoProjects/CCD231/CCD231.srcs/sources_1/bd/CCD231/CCD231.bd]
export_simulation -of_objects [get_files /home/xyh/NFS_Alinx/VivadoProjects/CCD231/CCD231.srcs/sources_1/bd/CCD231/CCD231.bd] -directory /home/xyh/NFS_Alinx/VivadoProjects/CCD231/CCD231.ip_user_files/sim_scripts -ip_user_files_dir /home/xyh/NFS_Alinx/VivadoProjects/CCD231/CCD231.ip_user_files -ipstatic_source_dir /home/xyh/NFS_Alinx/VivadoProjects/CCD231/CCD231.ip_user_files/ipstatic -lib_map_path [list {modelsim=/home/xyh/NFS_Alinx/VivadoProjects/CCD231/CCD231.cache/compile_simlib/modelsim} {questa=/home/xyh/NFS_Alinx/VivadoProjects/CCD231/CCD231.cache/compile_simlib/questa} {ies=/home/xyh/NFS_Alinx/VivadoProjects/CCD231/CCD231.cache/compile_simlib/ies} {vcs=/home/xyh/NFS_Alinx/VivadoProjects/CCD231/CCD231.cache/compile_simlib/vcs} {riviera=/home/xyh/NFS_Alinx/VivadoProjects/CCD231/CCD231.cache/compile_simlib/riviera}] -use_ip_compiled_libs -force -quiet
set_property -dict [list CONFIG.PROTOCOL {AXI4}] [get_bd_intf_ports S00_AXI]
set_property -dict [list CONFIG.HAS_REGION {1}] [get_bd_intf_ports S00_AXI]
save_bd_design
open_bd_design {/home/xyh/NFS_Alinx/VivadoProjects/CCD231/CCD231.srcs/sources_1/bd/CCD231/CCD231.bd}
generate_target all [get_files  /home/xyh/NFS_Alinx/VivadoProjects/CCD231/CCD231.srcs/sources_1/bd/CCD231/CCD231.bd]
catch { config_ip_cache -export [get_ips -all CCD231_processing_system7_0_1] }
catch { config_ip_cache -export [get_ips -all CCD231_auto_pc_1] }
catch { config_ip_cache -export [get_ips -all CCD231_auto_pc_0] }
export_ip_user_files -of_objects [get_files /home/xyh/NFS_Alinx/VivadoProjects/CCD231/CCD231.srcs/sources_1/bd/CCD231/CCD231.bd] -no_script -sync -force -quiet
create_ip_run [get_files -of_objects [get_fileset sources_1] /home/xyh/NFS_Alinx/VivadoProjects/CCD231/CCD231.srcs/sources_1/bd/CCD231/CCD231.bd]
launch_runs -jobs 4 {CCD231_processing_system7_0_1_synth_1 CCD231_auto_pc_1_synth_1}
export_simulation -of_objects [get_files /home/xyh/NFS_Alinx/VivadoProjects/CCD231/CCD231.srcs/sources_1/bd/CCD231/CCD231.bd] -directory /home/xyh/NFS_Alinx/VivadoProjects/CCD231/CCD231.ip_user_files/sim_scripts -ip_user_files_dir /home/xyh/NFS_Alinx/VivadoProjects/CCD231/CCD231.ip_user_files -ipstatic_source_dir /home/xyh/NFS_Alinx/VivadoProjects/CCD231/CCD231.ip_user_files/ipstatic -lib_map_path [list {modelsim=/home/xyh/NFS_Alinx/VivadoProjects/CCD231/CCD231.cache/compile_simlib/modelsim} {questa=/home/xyh/NFS_Alinx/VivadoProjects/CCD231/CCD231.cache/compile_simlib/questa} {ies=/home/xyh/NFS_Alinx/VivadoProjects/CCD231/CCD231.cache/compile_simlib/ies} {vcs=/home/xyh/NFS_Alinx/VivadoProjects/CCD231/CCD231.cache/compile_simlib/vcs} {riviera=/home/xyh/NFS_Alinx/VivadoProjects/CCD231/CCD231.cache/compile_simlib/riviera}] -use_ip_compiled_libs -force -quiet
reset_run synth_1
launch_runs synth_1 -jobs 4
wait_on_run synth_1
launch_runs impl_1 -to_step write_bitstream -jobs 4
wait_on_run impl_1
reset_run impl_1
reset_run synth_1
launch_runs impl_1 -to_step write_bitstream -jobs 4
wait_on_run impl_1
open_run synth_1 -name synth_1
set_property IOSTANDARD LVCMOS18 [get_ports [list EOUT_P]]
set_property IOSTANDARD LVDS_25 [get_ports [list EF_DCO_P]]
set_property IOSTANDARD LVDS_25 [get_ports [list EF_FR_P]]
set_property IOSTANDARD LVDS_25 [get_ports [list EOUT_P]]
set_property IOSTANDARD LVDS_25 [get_ports [list FOUT_P]]
set_property IOSTANDARD LVDS_25 [get_ports [list GH_DCO_P]]
set_property IOSTANDARD LVDS_25 [get_ports [list GH_FR_P]]
set_property IOSTANDARD LVDS_25 [get_ports [list GOUT_P]]
set_property IOSTANDARD LVDS_25 [get_ports [list HOUT_P]]
save_constraints
reset_run impl_1
launch_runs impl_1 -to_step write_bitstream -jobs 4
wait_on_run impl_1
reset_run synth_1
launch_runs impl_1 -to_step write_bitstream -jobs 4
wait_on_run impl_1
reset_run synth_1
launch_runs impl_1 -to_step write_bitstream -jobs 4
wait_on_run impl_1
reset_run synth_1
launch_runs impl_1 -to_step write_bitstream -jobs 4
wait_on_run impl_1
reset_run synth_1
launch_runs impl_1 -to_step write_bitstream -jobs 4
wait_on_run impl_1
reset_run synth_1
launch_runs impl_1 -to_step write_bitstream -jobs 4
wait_on_run impl_1
create_ip_run [get_files -of_objects [get_fileset sources_1] /home/xyh/NFS_Alinx/VivadoProjects/CCD231/CCD231.srcs/sources_1/bd/CCD231/CCD231.bd]
refresh_design
file copy -force /home/xyh/NFS_Alinx/VivadoProjects/CCD231/CCD231.runs/impl_1/TOP.sysdef /home/xyh/NFS_Alinx/VivadoProjects/CCD231/CCD231.sdk/TOP.hdf

launch_sdk -workspace /home/xyh/NFS_Alinx/VivadoProjects/CCD231/CCD231.sdk -hwspec /home/xyh/NFS_Alinx/VivadoProjects/CCD231/CCD231.sdk/TOP.hdf
open_bd_design {/home/xyh/NFS_Alinx/VivadoProjects/CCD231/CCD231.srcs/sources_1/bd/CCD231/CCD231.bd}
set_property -dict [list CONFIG.C_PROBE6_WIDTH {16} CONFIG.C_PROBE2_WIDTH {1} CONFIG.C_NUM_OF_PROBES {7}] [get_ips ILA_LTC2271]
generate_target all [get_files  /home/xyh/NFS_Alinx/VivadoProjects/CCD231/CCD231.srcs/sources_1/ip/ILA_LTC2271/ILA_LTC2271.xci]
catch { config_ip_cache -export [get_ips -all ILA_LTC2271] }
export_ip_user_files -of_objects [get_files /home/xyh/NFS_Alinx/VivadoProjects/CCD231/CCD231.srcs/sources_1/ip/ILA_LTC2271/ILA_LTC2271.xci] -no_script -sync -force -quiet
reset_run ILA_LTC2271_synth_1
launch_runs -jobs 4 ILA_LTC2271_synth_1
export_simulation -of_objects [get_files /home/xyh/NFS_Alinx/VivadoProjects/CCD231/CCD231.srcs/sources_1/ip/ILA_LTC2271/ILA_LTC2271.xci] -directory /home/xyh/NFS_Alinx/VivadoProjects/CCD231/CCD231.ip_user_files/sim_scripts -ip_user_files_dir /home/xyh/NFS_Alinx/VivadoProjects/CCD231/CCD231.ip_user_files -ipstatic_source_dir /home/xyh/NFS_Alinx/VivadoProjects/CCD231/CCD231.ip_user_files/ipstatic -lib_map_path [list {modelsim=/home/xyh/NFS_Alinx/VivadoProjects/CCD231/CCD231.cache/compile_simlib/modelsim} {questa=/home/xyh/NFS_Alinx/VivadoProjects/CCD231/CCD231.cache/compile_simlib/questa} {ies=/home/xyh/NFS_Alinx/VivadoProjects/CCD231/CCD231.cache/compile_simlib/ies} {vcs=/home/xyh/NFS_Alinx/VivadoProjects/CCD231/CCD231.cache/compile_simlib/vcs} {riviera=/home/xyh/NFS_Alinx/VivadoProjects/CCD231/CCD231.cache/compile_simlib/riviera}] -use_ip_compiled_libs -force -quiet
reset_run synth_1
launch_runs impl_1 -to_step write_bitstream -jobs 4
wait_on_run impl_1
reset_run synth_1
launch_runs impl_1 -to_step write_bitstream -jobs 4
wait_on_run impl_1
file copy -force /home/xyh/NFS_Alinx/VivadoProjects/CCD231/CCD231.runs/impl_1/TOP.sysdef /home/xyh/NFS_Alinx/VivadoProjects/CCD231/CCD231.sdk/TOP.hdf

